/Applications/MCUXpressoIDE_24.12.148/ide/plugins/com.nxp.mcuxpresso.tools.macosx_24.12.0.202407110909/tools/arm-none-eabi/include/c++/13.2.1/bits/std_function.h:288:7:) [with _Res = void; _Functor = void (*)(); _ArgTypes = {}]	0	static
/Applications/MCUXpressoIDE_24.12.148/ide/plugins/com.nxp.mcuxpresso.tools.macosx_24.12.0.202407110909/tools/arm-none-eabi/include/c++/13.2.1/bits/std_function.h:267:7:), _Functor>::_M_manager(std::_Any_data&, const std::_Any_data&, std::_Manager_operation) [with _Res = void; _Functor = void (*)(); _ArgTypes = {}]	0	static
../source/main.cpp:73:1:cpp)	32	static
../source/main.cpp:17:6:void drdy_callback()	8	static
../source/main.cpp:23:5:int main()	72	static
