../source/SoftPWM/SoftPWM_base.cpp:73:7:virtual float SoftPWM_base::duty(float)	0	static
../source/SoftPWM/SoftPWM_base.cpp:81:7:virtual float SoftPWM_base::polarity(bool)	0	static
/Applications/MCUXpressoIDE_24.12.148/ide/plugins/com.nxp.mcuxpresso.tools.macosx_24.12.0.202407110909/tools/arm-none-eabi/include/c++/13.2.1/bits/std_function.h:288:7:) [with _Res = void; _Functor = SoftPWM_base::SoftPWM_base(int, float, unsigned int, bool, float)::<lambda()>; _ArgTypes = {}]	0	static
/Applications/MCUXpressoIDE_24.12.148/ide/plugins/com.nxp.mcuxpresso.tools.macosx_24.12.0.202407110909/tools/arm-none-eabi/include/c++/13.2.1/bits/std_function.h:288:7:) [with _Res = void; _Functor = void (*)(); _ArgTypes = {}]	0	static
../source/SoftPWM/SoftPWM_base.cpp:30:6:virtual void SoftPWM_base::instance_callback()	4	static
../source/SoftPWM/SoftPWM_base.cpp:48:6:static void SoftPWM_base::class_callback()	16	static
../source/SoftPWM/SoftPWM_base.h:24:7:SoftPWM_base::~SoftPWM_base()	8	static
../source/SoftPWM/SoftPWM_base.h:24:7:virtual SoftPWM_base::~SoftPWM_base()	8	static
/Applications/MCUXpressoIDE_24.12.148/ide/plugins/com.nxp.mcuxpresso.tools.macosx_24.12.0.202407110909/tools/arm-none-eabi/include/c++/13.2.1/bits/std_function.h:267:7:), _Functor>::_M_manager(std::_Any_data&, const std::_Any_data&, std::_Manager_operation) [with _Res = void; _Functor = void (*)(); _ArgTypes = {}]	0	static
/Applications/MCUXpressoIDE_24.12.148/ide/plugins/com.nxp.mcuxpresso.tools.macosx_24.12.0.202407110909/tools/arm-none-eabi/include/c++/13.2.1/bits/std_function.h:267:7:), _Functor>::_M_manager(std::_Any_data&, const std::_Any_data&, std::_Manager_operation) [with _Res = void; _Functor = SoftPWM_base::SoftPWM_base(int, float, unsigned int, bool, float)::<lambda()>; _ArgTypes = {}]	0	static
/Applications/MCUXpressoIDE_24.12.148/ide/plugins/com.nxp.mcuxpresso.tools.macosx_24.12.0.202407110909/tools/arm-none-eabi/include/c++/13.2.1/bits/stl_vector.h:730:7:constexpr std::vector<_Tp, _Alloc>::~vector() [with _Tp = std::function<void()>; _Alloc = std::allocator<std::function<void()> >]	16	static
../source/SoftPWM/SoftPWM_base.cpp:17:1:SoftPWM_base::SoftPWM_base(int, float, unsigned int, bool, float)	64	static
../source/SoftPWM/SoftPWM_base.cpp:95:1:cpp)	16	static
../source/SoftPWM/SoftPWM_base.cpp:57:7:static float SoftPWM_base::frequency(float)	40	static
../source/SoftPWM/SoftPWM_base.cpp:86:7:static float SoftPWM_base::resolution(int)	8	static
../source/SoftPWM/SoftPWM_base.cpp:68:6:static void SoftPWM_base::start()	40	static
