/Applications/MCUXpressoIDE_24.12.148/ide/plugins/com.nxp.mcuxpresso.tools.macosx_24.12.0.202407110909/tools/arm-none-eabi/include/c++/13.2.1/bits/std_function.h:288:7:) [with _Res = void; _Functor = reg_dump(NAFE13388_Base::Register24, int)::<lambda()>; _ArgTypes = {}]	0	static
/Applications/MCUXpressoIDE_24.12.148/ide/plugins/com.nxp.mcuxpresso.tools.macosx_24.12.0.202407110909/tools/arm-none-eabi/include/c++/13.2.1/bits/std_function.h:267:7:), _Functor>::_M_manager(std::_Any_data&, const std::_Any_data&, std::_Manager_operation) [with _Res = void; _Functor = logical_ch_config_view()::<lambda(int)>; _ArgTypes = {int}]	0	static
/Applications/MCUXpressoIDE_24.12.148/ide/plugins/com.nxp.mcuxpresso.tools.macosx_24.12.0.202407110909/tools/arm-none-eabi/include/c++/13.2.1/bits/std_function.h:267:7:), _Functor>::_M_manager(std::_Any_data&, const std::_Any_data&, std::_Manager_operation) [with _Res = void; _Functor = reg_dump(NAFE13388_Base::Register24, int)::<lambda()>; _ArgTypes = {}]	0	static
/Applications/MCUXpressoIDE_24.12.148/ide/plugins/com.nxp.mcuxpresso.tools.macosx_24.12.0.202407110909/tools/arm-none-eabi/include/c++/13.2.1/bits/std_function.h:267:7:), _Functor>::_M_manager(std::_Any_data&, const std::_Any_data&, std::_Manager_operation) [with _Res = void; _Functor = reg_dump(NAFE13388_Base::Register24, int)::<lambda(int)>; _ArgTypes = {int}]	0	static
../source/utils.cpp:53:6:void table_view(int, int, std::function<void(int)>, std::function<void()>)	48	static
../source/utils.cpp:28:6:void reg_dump(NAFE13388_Base::Register24, int)	48	static
/Applications/MCUXpressoIDE_24.12.148/ide/plugins/com.nxp.mcuxpresso.tools.macosx_24.12.0.202407110909/tools/arm-none-eabi/include/c++/13.2.1/bits/std_function.h:288:7:) [with _Res = void; _Functor = reg_dump(NAFE13388_Base::Register24, int)::<lambda(int)>; _ArgTypes = {int}]	16	static
../source/utils.cpp:13:6:void reg_dump(RegVct)	32	static
/Applications/MCUXpressoIDE_24.12.148/ide/plugins/com.nxp.mcuxpresso.tools.macosx_24.12.0.202407110909/tools/arm-none-eabi/include/c++/13.2.1/bits/std_function.h:288:7:) [with _Res = void; _Functor = logical_ch_config_view()::<lambda(int)>; _ArgTypes = {int}]	8	static
../source/utils.cpp:33:6:void logical_ch_config_view()	64	static
